Modules list:
-------------
asteroids.o:
    CODE              Offs=000000  Size=00048D  Align=00001  Fill=0000
    BSS               Offs=000000  Size=0000C6  Align=00001  Fill=0000
graphlib.o:
    CODE              Offs=00048D  Size=0003D3  Align=00001  Fill=0000
    RODATA            Offs=000000  Size=000003  Align=00001  Fill=0000
    BSS               Offs=0000C6  Size=00001C  Align=00001  Fill=0000
    DATA              Offs=000000  Size=000271  Align=00001  Fill=0000
multi.o:
    CODE              Offs=000860  Size=000301  Align=00001  Fill=0000
C:\C64\cc65-snapshot-win32\lib/c64.lib(_directerrno.o):
    CODE              Offs=000B61  Size=00000A  Align=00001  Fill=0000
C:\C64\cc65-snapshot-win32\lib/c64.lib(_hextab.o):
    RODATA            Offs=000003  Size=000010  Align=00001  Fill=0000
C:\C64\cc65-snapshot-win32\lib/c64.lib(_longminstr.o):
    RODATA            Offs=000013  Size=00000C  Align=00001  Fill=0000
C:\C64\cc65-snapshot-win32\lib/c64.lib(_oserror.o):
    BSS               Offs=0000E2  Size=000001  Align=00001  Fill=0000
C:\C64\cc65-snapshot-win32\lib/c64.lib(_printf.o):
    CODE              Offs=000B6B  Size=0003A5  Align=00001  Fill=0000
    BSS               Offs=0000E3  Size=00002B  Align=00001  Fill=0000
    DATA              Offs=000271  Size=000003  Align=00001  Fill=0000
C:\C64\cc65-snapshot-win32\lib/c64.lib(_seterrno.o):
    CODE              Offs=000F10  Size=000009  Align=00001  Fill=0000
C:\C64\cc65-snapshot-win32\lib/c64.lib(addysp.o):
    CODE              Offs=000F19  Size=00000E  Align=00001  Fill=0000
C:\C64\cc65-snapshot-win32\lib/c64.lib(and.o):
    CODE              Offs=000F27  Size=000010  Align=00001  Fill=0000
C:\C64\cc65-snapshot-win32\lib/c64.lib(axlong.o):
    CODE              Offs=000F37  Size=00000D  Align=00001  Fill=0000
C:\C64\cc65-snapshot-win32\lib/c64.lib(callmain.o):
    CODE              Offs=000F44  Size=000017  Align=00001  Fill=0000
    DATA              Offs=000274  Size=000004  Align=00001  Fill=0000
C:\C64\cc65-snapshot-win32\lib/c64.lib(condes.o):
    CODE              Offs=000F5B  Size=00000C  Align=00001  Fill=0000
    DATA              Offs=000278  Size=000025  Align=00001  Fill=0000
    ONCE              Offs=000000  Size=00000C  Align=00001  Fill=0000
C:\C64\cc65-snapshot-win32\lib/c64.lib(crt0.o):
    STARTUP           Offs=000000  Size=000033  Align=00001  Fill=0000
    ONCE              Offs=00000C  Size=00001A  Align=00001  Fill=0000
    INIT              Offs=000000  Size=00001C  Align=00001  Fill=0000
C:\C64\cc65-snapshot-win32\lib/c64.lib(ctype.o):
    RODATA            Offs=00001F  Size=00008B  Align=00001  Fill=0000
C:\C64\cc65-snapshot-win32\lib/c64.lib(ctypemask.o):
    CODE              Offs=000F67  Size=00001E  Align=00001  Fill=0000
C:\C64\cc65-snapshot-win32\lib/c64.lib(decsp3.o):
    CODE              Offs=000F85  Size=00000D  Align=00001  Fill=0000
C:\C64\cc65-snapshot-win32\lib/c64.lib(decsp4.o):
    CODE              Offs=000F92  Size=00000D  Align=00001  Fill=0000
C:\C64\cc65-snapshot-win32\lib/c64.lib(decsp6.o):
    CODE              Offs=000F9F  Size=00000D  Align=00001  Fill=0000
C:\C64\cc65-snapshot-win32\lib/c64.lib(errno.o):
    BSS               Offs=00010E  Size=000002  Align=00001  Fill=0000
C:\C64\cc65-snapshot-win32\lib/c64.lib(exehdr.o):
    EXEHDR            Offs=000000  Size=00000C  Align=00001  Fill=0000
C:\C64\cc65-snapshot-win32\lib/c64.lib(incsp2.o):
    CODE              Offs=000FAC  Size=000016  Align=00001  Fill=0000
C:\C64\cc65-snapshot-win32\lib/c64.lib(incsp3.o):
    CODE              Offs=000FC2  Size=000005  Align=00001  Fill=0000
C:\C64\cc65-snapshot-win32\lib/c64.lib(incsp4.o):
    CODE              Offs=000FC7  Size=000005  Align=00001  Fill=0000
C:\C64\cc65-snapshot-win32\lib/c64.lib(incsp5.o):
    CODE              Offs=000FCC  Size=000005  Align=00001  Fill=0000
C:\C64\cc65-snapshot-win32\lib/c64.lib(incsp6.o):
    CODE              Offs=000FD1  Size=000005  Align=00001  Fill=0000
C:\C64\cc65-snapshot-win32\lib/c64.lib(kernal.o):
C:\C64\cc65-snapshot-win32\lib/c64.lib(ldaxsp.o):
    CODE              Offs=000FD6  Size=000009  Align=00001  Fill=0000
C:\C64\cc65-snapshot-win32\lib/c64.lib(lneg.o):
    CODE              Offs=000FDF  Size=00001E  Align=00001  Fill=0000
C:\C64\cc65-snapshot-win32\lib/c64.lib(loadaddr.o):
    LOADADDR          Offs=000000  Size=000002  Align=00001  Fill=0000
C:\C64\cc65-snapshot-win32\lib/c64.lib(lpush.o):
    CODE              Offs=000FFD  Size=000021  Align=00001  Fill=0000
C:\C64\cc65-snapshot-win32\lib/c64.lib(ltoa.o):
    CODE              Offs=00101E  Size=000095  Align=00001  Fill=0000
C:\C64\cc65-snapshot-win32\lib/c64.lib(makebool.o):
    CODE              Offs=0010B3  Size=00002C  Align=00001  Fill=0000
C:\C64\cc65-snapshot-win32\lib/c64.lib(memcpy.o):
    CODE              Offs=0010DF  Size=00003C  Align=00001  Fill=0000
C:\C64\cc65-snapshot-win32\lib/c64.lib(popptr1.o):
    CODE              Offs=00111B  Size=00000E  Align=00001  Fill=0000
C:\C64\cc65-snapshot-win32\lib/c64.lib(push1.o):
    CODE              Offs=001129  Size=000005  Align=00001  Fill=0000
C:\C64\cc65-snapshot-win32\lib/c64.lib(pusha.o):
    CODE              Offs=00112E  Size=000016  Align=00001  Fill=0000
C:\C64\cc65-snapshot-win32\lib/c64.lib(pushax.o):
    CODE              Offs=001144  Size=00001A  Align=00001  Fill=0000
C:\C64\cc65-snapshot-win32\lib/c64.lib(pushwsp.o):
    CODE              Offs=00115E  Size=00001C  Align=00001  Fill=0000
C:\C64\cc65-snapshot-win32\lib/c64.lib(sprintf.o):
    CODE              Offs=00117A  Size=00002B  Align=00001  Fill=0000
    BSS               Offs=000110  Size=000001  Align=00001  Fill=0000
C:\C64\cc65-snapshot-win32\lib/c64.lib(status.o):
C:\C64\cc65-snapshot-win32\lib/c64.lib(staxsp.o):
    CODE              Offs=0011A5  Size=00000B  Align=00001  Fill=0000
C:\C64\cc65-snapshot-win32\lib/c64.lib(strlen.o):
    CODE              Offs=0011B0  Size=000016  Align=00001  Fill=0000
C:\C64\cc65-snapshot-win32\lib/c64.lib(strlower.o):
    CODE              Offs=0011C6  Size=000027  Align=00001  Fill=0000
C:\C64\cc65-snapshot-win32\lib/c64.lib(vsnprintf.o):
    CODE              Offs=0011ED  Size=0000DA  Align=00001  Fill=0000
    DATA              Offs=00029D  Size=000008  Align=00001  Fill=0000
C:\C64\cc65-snapshot-win32\lib/c64.lib(vsprintf.o):
    CODE              Offs=0012C7  Size=000012  Align=00001  Fill=0000
C:\C64\cc65-snapshot-win32\lib/c64.lib(zerobss.o):
    CODE              Offs=0012D9  Size=000023  Align=00001  Fill=0000
C:\C64\cc65-snapshot-win32\lib/c64.lib(zeropage.o):
    ZEROPAGE          Offs=000000  Size=00001A  Align=00001  Fill=0000


Segment list:
-------------
Name                   Start     End    Size  Align
----------------------------------------------------
ZEROPAGE              000002  00001B  00001A  00001
LOADADDR              0007FF  000800  000002  00001
EXEHDR                000801  00080C  00000C  00001
STARTUP               00080D  00083F  000033  00001
CODE                  000840  001B3B  0012FC  00001
RODATA                001B3C  001BE5  0000AA  00001
DATA                  001BE6  001E8A  0002A5  00001
INIT                  001E8B  001EA6  00001C  00001
BSS                   001EA7  001FB7  000111  00001
ONCE                  001EA7  001ECC  000026  00001


Exports list by name:
---------------------
BSOUT                     00FFD2 RLA    ST                        000090 RLZ    
__BSS_RUN__               001EA7 RLA    __BSS_SIZE__              000111 REA    
__CONSTRUCTOR_COUNT__     000000 REA    __CONSTRUCTOR_TABLE__     001ECD RLA    
__DESTRUCTOR_COUNT__      000000 REA    __DESTRUCTOR_TABLE__      001BE6 RLA    
__EXEHDR__                000001 REA    __HEADER_LAST__           00080D RLA    
__HIMEM__                 00D000 REA    __LOADADDR__              000001 REA    
__MAIN_SIZE__             00C7F3 REA    __MAIN_START__            00080D RLA    
__ONCE_RUN__              001EA7 RLA    __STACKSIZE__             000800 REA    
__STARTUP__               000001 REA    __ctype                   001B5B RLA    
__ctypeidx                001B66 RLA    __directerrno             0013A1 RLA    
__errno                   001FB5 RLA    __hextab                  001B3F RLA    
__longminstr              001B4F RLA    __oserror                 001F89 RLA    
__printf                  00149E RLA    __seterrno                001750 RLA    
_frameflag                001307 RLA    _initraster               0010A0 RLA    
_initsprites              0010C4 RLA    _ltoa                     001876 RLA    
_main                     0008DB RLA    _memcpy                   00191F RLA    
_numsprites               000002 REZ    _sprc                     001246 RLA    
_sprf                     001266 RLA    _sprintf                  0019BA RLA    
_spriteData               001BEC RLA    _sprupdateflag            000003 REZ    
_sprx                     001206 RLA    _spry                     001226 RLA    
_strlen                   0019F0 RLA    _strlower                 001A06 RLA    
_tileData                 001BE8 RLA    _ultoa                    0018B7 RLA    
_vsprintf                 001B07 RLA    addysp                    00175A RLA    
addysp1                   001759 RLA    axlong                    001777 RLA    
axulong                   00177D RLA    boolult                   001912 RLA    
callmain                  001784 RLA    ctypemaskdirect           0017AB RLA    
decsp3                    0017C5 RLA    decsp4                    0017D2 RLA    
decsp6                    0017DF RLA    donelib                   00179B RLA    
incsp2                    0017F4 RLA    incsp3                    001802 RLA    
incsp4                    001807 RLA    incsp5                    00180C RLA    
incsp6                    001811 RLA    initlib                   001EA7 RLA    
ldaxysp                   001818 RLA    negeax                    00181F RLA    
popax                     0017EC RLA    popptr1                   00195B RLA    
ptr1                      00000A RLZ    ptr2                      00000C RLZ    
ptr3                      00000E RLZ    push1                     001969 RLA    
pusha                     001972 RLA    pusha0                    001986 RLA    
pushax                    001988 RLA    pusheax                   001846 RLA    
pushw0sp                  00199E RLA    regbank                   000016 RLZ    
sp                        000002 RLZ    sreg                      000004 RLZ    
staxysp                   0019E7 RLA    tmp1                      000012 RLZ    
tosanda0                  001767 RLA    vsnprintf                 001A30 RLA    
zerobss                   001B19 RLA    


Exports list by value:
----------------------
__DESTRUCTOR_COUNT__      000000 REA    __CONSTRUCTOR_COUNT__     000000 REA    
__EXEHDR__                000001 REA    __STARTUP__               000001 REA    
__LOADADDR__              000001 REA    _numsprites               000002 REZ    
sp                        000002 RLZ    _sprupdateflag            000003 REZ    
sreg                      000004 RLZ    ptr1                      00000A RLZ    
ptr2                      00000C RLZ    ptr3                      00000E RLZ    
tmp1                      000012 RLZ    regbank                   000016 RLZ    
ST                        000090 RLZ    __BSS_SIZE__              000111 REA    
__STACKSIZE__             000800 REA    __HEADER_LAST__           00080D RLA    
__MAIN_START__            00080D RLA    _main                     0008DB RLA    
_initraster               0010A0 RLA    _initsprites              0010C4 RLA    
_sprx                     001206 RLA    _spry                     001226 RLA    
_sprc                     001246 RLA    _sprf                     001266 RLA    
_frameflag                001307 RLA    __directerrno             0013A1 RLA    
__printf                  00149E RLA    __seterrno                001750 RLA    
addysp1                   001759 RLA    addysp                    00175A RLA    
tosanda0                  001767 RLA    axlong                    001777 RLA    
axulong                   00177D RLA    callmain                  001784 RLA    
donelib                   00179B RLA    ctypemaskdirect           0017AB RLA    
decsp3                    0017C5 RLA    decsp4                    0017D2 RLA    
decsp6                    0017DF RLA    popax                     0017EC RLA    
incsp2                    0017F4 RLA    incsp3                    001802 RLA    
incsp4                    001807 RLA    incsp5                    00180C RLA    
incsp6                    001811 RLA    ldaxysp                   001818 RLA    
negeax                    00181F RLA    pusheax                   001846 RLA    
_ltoa                     001876 RLA    _ultoa                    0018B7 RLA    
boolult                   001912 RLA    _memcpy                   00191F RLA    
popptr1                   00195B RLA    push1                     001969 RLA    
pusha                     001972 RLA    pusha0                    001986 RLA    
pushax                    001988 RLA    pushw0sp                  00199E RLA    
_sprintf                  0019BA RLA    staxysp                   0019E7 RLA    
_strlen                   0019F0 RLA    _strlower                 001A06 RLA    
vsnprintf                 001A30 RLA    _vsprintf                 001B07 RLA    
zerobss                   001B19 RLA    __hextab                  001B3F RLA    
__longminstr              001B4F RLA    __ctype                   001B5B RLA    
__ctypeidx                001B66 RLA    __DESTRUCTOR_TABLE__      001BE6 RLA    
_tileData                 001BE8 RLA    _spriteData               001BEC RLA    
initlib                   001EA7 RLA    __BSS_RUN__               001EA7 RLA    
__ONCE_RUN__              001EA7 RLA    __CONSTRUCTOR_TABLE__     001ECD RLA    
__oserror                 001F89 RLA    __errno                   001FB5 RLA    
__MAIN_SIZE__             00C7F3 REA    __HIMEM__                 00D000 REA    
BSOUT                     00FFD2 RLA    


Imports list:
-------------
BSOUT (kernal.o):
    crt0.o                    c64/crt0.s(10)
ST (status.o):
    crt0.o                    c64/crt0.s(13)
__BSS_RUN__ ([linker generated]):
    zerobss.o                 common/zerobss.s(8)
__BSS_SIZE__ ([linker generated]):
    zerobss.o                 common/zerobss.s(8)
__CONSTRUCTOR_COUNT__ ([linker generated]):
    condes.o                  runtime/condes.s(18)
__CONSTRUCTOR_TABLE__ ([linker generated]):
    condes.o                  runtime/condes.s(18)
__DESTRUCTOR_COUNT__ ([linker generated]):
    condes.o                  runtime/condes.s(19)
__DESTRUCTOR_TABLE__ ([linker generated]):
    condes.o                  runtime/condes.s(19)
__EXEHDR__ (exehdr.o):
    [linker generated]        C:\C64\cc65-snapshot-win32\cfg/c64.cfg(6)
__HEADER_LAST__ ([linker generated]):
    [linker generated]        C:\C64\cc65-snapshot-win32\cfg/c64.cfg(14)
    [linker generated]        C:\C64\cc65-snapshot-win32\cfg/c64.cfg(14)
__HIMEM__ ([linker generated]):
    [linker generated]        C:\C64\cc65-snapshot-win32\cfg/c64.cfg(15)
    [linker generated]        C:\C64\cc65-snapshot-win32\cfg/c64.cfg(14)
__LOADADDR__ (loadaddr.o):
    [linker generated]        C:\C64\cc65-snapshot-win32\cfg/c64.cfg(5)
__MAIN_SIZE__ ([linker generated]):
    crt0.o                    c64/crt0.s(11)
__MAIN_START__ ([linker generated]):
    crt0.o                    c64/crt0.s(11)
__ONCE_RUN__ ([linker generated]):
    [linker generated]        C:\C64\cc65-snapshot-win32\cfg/c64.cfg(15)
    [linker generated]        C:\C64\cc65-snapshot-win32\cfg/c64.cfg(15)
__STACKSIZE__ ([linker generated]):
    [linker generated]        C:\C64\cc65-snapshot-win32\cfg/c64.cfg(15)
__STARTUP__ (crt0.o):
    asteroids.o               src/asteroids.s(32)
__ctype (ctype.o):
    ctypemask.o               common/ctypemask.s(23)
__ctypeidx (ctype.o):
    ctypemask.o               common/ctypemask.s(24)
__directerrno (_directerrno.o):
    vsnprintf.o               /home/travis/build/cc65/cc65/asminc/errno.inc(10)
__errno (errno.o):
    _seterrno.o               /home/travis/build/cc65/cc65/asminc/errno.inc(7)
__hextab (_hextab.o):
    ltoa.o                    common/ltoa.s(10)
__longminstr (_longminstr.o):
    ltoa.o                    common/ltoa.s(10)
__oserror (_oserror.o):
    _directerrno.o            /home/travis/build/cc65/cc65/asminc/errno.inc(7)
__printf (_printf.o):
    vsnprintf.o               common/vsnprintf.s(10)
__seterrno (_seterrno.o):
    _directerrno.o            /home/travis/build/cc65/cc65/asminc/errno.inc(9)
_frameflag (multi.o):
    asteroids.o               src/asteroids.s(52)
_initraster (multi.o):
    asteroids.o               src/asteroids.s(53)
_initsprites (multi.o):
    asteroids.o               src/asteroids.s(54)
_ltoa (ltoa.o):
    _printf.o                 common/_printf.s(12)
_main (asteroids.o):
    callmain.o                runtime/callmain.s(11)
_memcpy (memcpy.o):
    vsnprintf.o               common/vsnprintf.s(10)
_numsprites (multi.o):
    asteroids.o               src/asteroids.s(46)
_sprc (multi.o):
    asteroids.o               src/asteroids.s(50)
_sprf (multi.o):
    asteroids.o               src/asteroids.s(51)
_sprintf (sprintf.o):
    graphlib.o                src/graphlib.s(26)
_spriteData (graphlib.o):
    asteroids.o               src/asteroids.s(45)
_sprupdateflag (multi.o):
    asteroids.o               src/asteroids.s(47)
_sprx (multi.o):
    asteroids.o               src/asteroids.s(48)
_spry (multi.o):
    asteroids.o               src/asteroids.s(49)
_strlen (strlen.o):
    _printf.o                 common/_printf.s(13)
_strlower (strlower.o):
    _printf.o                 common/_printf.s(13)
_tileData (graphlib.o):
    asteroids.o               src/asteroids.s(44)
_ultoa (ltoa.o):
    _printf.o                 common/_printf.s(12)
_vsprintf (vsprintf.o):
    sprintf.o                 common/sprintf.s(8)
addysp (addysp.o):
    sprintf.o                 common/sprintf.s(8)
    incsp6.o                  runtime/incsp6.s(8)
    incsp5.o                  runtime/incsp5.s(8)
    incsp4.o                  runtime/incsp4.s(8)
    incsp3.o                  runtime/incsp3.s(8)
addysp1 (addysp.o):
    and.o                     runtime/and.s(8)
axlong (axlong.o):
    _printf.o                 common/_printf.s(11)
axulong (axlong.o):
    _printf.o                 common/_printf.s(11)
boolult (makebool.o):
    graphlib.o                src/graphlib.s(1389)
callmain (callmain.o):
    crt0.o                    c64/crt0.s(9)
ctypemaskdirect (ctypemask.o):
    strlower.o                common/strlower.s(14)
decsp3 (decsp3.o):
    graphlib.o                src/graphlib.s(1389)
decsp4 (decsp4.o):
    lpush.o                   runtime/lpush.s(12)
    sprintf.o                 common/sprintf.s(8)
    graphlib.o                src/graphlib.s(1389)
decsp6 (decsp6.o):
    _printf.o                 common/_printf.s(11)
donelib (condes.o):
    crt0.o                    c64/crt0.s(8)
incsp2 (incsp2.o):
    popptr1.o                 runtime/popptr1.s(8)
    vsnprintf.o               common/vsnprintf.s(9)
incsp3 (incsp3.o):
    graphlib.o                src/graphlib.s(1389)
incsp4 (incsp4.o):
    graphlib.o                src/graphlib.s(1389)
    graphlib.o                src/graphlib.s(1389)
incsp5 (incsp5.o):
    graphlib.o                src/graphlib.s(1389)
incsp6 (incsp6.o):
    vsnprintf.o               common/vsnprintf.s(9)
    graphlib.o                src/graphlib.s(1389)
initlib (condes.o):
    crt0.o                    c64/crt0.s(8)
ldaxysp (ldaxsp.o):
    vsnprintf.o               common/vsnprintf.s(9)
negeax (lneg.o):
    ltoa.o                    common/ltoa.s(9)
popax (incsp2.o):
    memcpy.o                  common/memcpy.s(14)
    ltoa.o                    common/ltoa.s(9)
    _printf.o                 common/_printf.s(11)
    vsnprintf.o               common/vsnprintf.s(9)
popptr1 (popptr1.o):
    memcpy.o                  common/memcpy.s(14)
    ltoa.o                    common/ltoa.s(9)
ptr1 (zeropage.o):
    strlower.o                common/strlower.s(13)
    popptr1.o                 runtime/popptr1.s(9)
    memcpy.o                  common/memcpy.s(15)
    ltoa.o                    common/ltoa.s(11)
    _printf.o                 /home/travis/build/cc65/cc65/asminc/zeropage.inc(12)
    vsnprintf.o               common/vsnprintf.s(11)
    zerobss.o                 common/zerobss.s(9)
    sprintf.o                 common/sprintf.s(9)
    graphlib.o                src/graphlib.s(11)
    asteroids.o               src/asteroids.s(11)
ptr2 (zeropage.o):
    strlower.o                common/strlower.s(13)
    strlen.o                  common/strlen.s(12)
    memcpy.o                  common/memcpy.s(15)
    ltoa.o                    common/ltoa.s(11)
    _printf.o                 /home/travis/build/cc65/cc65/asminc/zeropage.inc(12)
ptr3 (zeropage.o):
    memcpy.o                  common/memcpy.s(15)
    ltoa.o                    common/ltoa.s(11)
push1 (push1.o):
    _printf.o                 common/_printf.s(11)
pusha (pusha.o):
    graphlib.o                src/graphlib.s(1389)
pusha0 (pushax.o):
    push1.o                   runtime/push1.s(8)
    graphlib.o                src/graphlib.s(1389)
    graphlib.o                src/graphlib.s(1389)
pushax (pushax.o):
    _printf.o                 common/_printf.s(11)
    callmain.o                runtime/callmain.s(11)
    graphlib.o                src/graphlib.s(1389)
    graphlib.o                src/graphlib.s(1389)
    graphlib.o                src/graphlib.s(1389)
    graphlib.o                src/graphlib.s(1389)
pusheax (lpush.o):
    _printf.o                 common/_printf.s(11)
pushw0sp (pushwsp.o):
    vsprintf.o                common/vsprintf.s(8)
regbank (zeropage.o):
    _printf.o                 /home/travis/build/cc65/cc65/asminc/zeropage.inc(14)
sp (zeropage.o):
    popptr1.o                 runtime/popptr1.s(9)
    memcpy.o                  common/memcpy.s(15)
    lpush.o                   runtime/lpush.s(13)
    ldaxsp.o                  runtime/ldaxsp.s(8)
    incsp2.o                  runtime/incsp2.s(8)
    decsp6.o                  runtime/decsp6.s(8)
    _printf.o                 /home/travis/build/cc65/cc65/asminc/zeropage.inc(11)
    vsnprintf.o               common/vsnprintf.s(11)
    staxsp.o                  runtime/staxsp.s(8)
    pushwsp.o                 runtime/pushwsp.s(8)
    addysp.o                  runtime/addysp.s(8)
    sprintf.o                 common/sprintf.s(9)
    pushax.o                  runtime/pushax.s(8)
    pusha.o                   runtime/pusha.s(8)
    decsp4.o                  runtime/decsp4.s(8)
    decsp3.o                  runtime/decsp3.s(8)
    crt0.o                    /home/travis/build/cc65/cc65/asminc/zeropage.inc(11)
    and.o                     runtime/and.s(9)
    graphlib.o                src/graphlib.s(10)
sreg (zeropage.o):
    lneg.o                    runtime/lneg.s(11)
    ltoa.o                    common/ltoa.s(11)
    lpush.o                   runtime/lpush.s(13)
    axlong.o                  runtime/axlong.s(9)
    _printf.o                 /home/travis/build/cc65/cc65/asminc/zeropage.inc(11)
    graphlib.o                src/graphlib.s(10)
    asteroids.o               src/asteroids.s(10)
staxysp (staxsp.o):
    vsprintf.o                common/vsprintf.s(8)
tmp1 (zeropage.o):
    ltoa.o                    common/ltoa.s(11)
    _printf.o                 /home/travis/build/cc65/cc65/asminc/zeropage.inc(13)
tosanda0 (and.o):
    graphlib.o                src/graphlib.s(1389)
vsnprintf (vsnprintf.o):
    vsprintf.o                common/vsprintf.s(9)
zerobss (zerobss.o):
    crt0.o                    c64/crt0.s(9)

