Modules list:
-------------
asteroids.o:
    CODE              Offs=000000  Size=0002B2  Align=00001  Fill=0000
    BSS               Offs=000000  Size=0000C6  Align=00001  Fill=0000
graphlib.o:
    CODE              Offs=0002B2  Size=0003D3  Align=00001  Fill=0000
    RODATA            Offs=000000  Size=000003  Align=00001  Fill=0000
    BSS               Offs=0000C6  Size=00001C  Align=00001  Fill=0000
    DATA              Offs=000000  Size=000271  Align=00001  Fill=0000
multi.o:
    CODE              Offs=000685  Size=000301  Align=00001  Fill=0000
C:\C64\cc65-snapshot-win32\lib/c64.lib(_directerrno.o):
    CODE              Offs=000986  Size=00000A  Align=00001  Fill=0000
C:\C64\cc65-snapshot-win32\lib/c64.lib(_hextab.o):
    RODATA            Offs=000003  Size=000010  Align=00001  Fill=0000
C:\C64\cc65-snapshot-win32\lib/c64.lib(_longminstr.o):
    RODATA            Offs=000013  Size=00000C  Align=00001  Fill=0000
C:\C64\cc65-snapshot-win32\lib/c64.lib(_oserror.o):
    BSS               Offs=0000E2  Size=000001  Align=00001  Fill=0000
C:\C64\cc65-snapshot-win32\lib/c64.lib(_printf.o):
    CODE              Offs=000990  Size=0003A5  Align=00001  Fill=0000
    BSS               Offs=0000E3  Size=00002B  Align=00001  Fill=0000
    DATA              Offs=000271  Size=000003  Align=00001  Fill=0000
C:\C64\cc65-snapshot-win32\lib/c64.lib(_seterrno.o):
    CODE              Offs=000D35  Size=000009  Align=00001  Fill=0000
C:\C64\cc65-snapshot-win32\lib/c64.lib(addysp.o):
    CODE              Offs=000D3E  Size=00000E  Align=00001  Fill=0000
C:\C64\cc65-snapshot-win32\lib/c64.lib(and.o):
    CODE              Offs=000D4C  Size=000010  Align=00001  Fill=0000
C:\C64\cc65-snapshot-win32\lib/c64.lib(axlong.o):
    CODE              Offs=000D5C  Size=00000D  Align=00001  Fill=0000
C:\C64\cc65-snapshot-win32\lib/c64.lib(callmain.o):
    CODE              Offs=000D69  Size=000017  Align=00001  Fill=0000
    DATA              Offs=000274  Size=000004  Align=00001  Fill=0000
C:\C64\cc65-snapshot-win32\lib/c64.lib(condes.o):
    CODE              Offs=000D80  Size=00000C  Align=00001  Fill=0000
    DATA              Offs=000278  Size=000025  Align=00001  Fill=0000
    ONCE              Offs=000000  Size=00000C  Align=00001  Fill=0000
C:\C64\cc65-snapshot-win32\lib/c64.lib(crt0.o):
    STARTUP           Offs=000000  Size=000033  Align=00001  Fill=0000
    ONCE              Offs=00000C  Size=00001A  Align=00001  Fill=0000
    INIT              Offs=000000  Size=00001C  Align=00001  Fill=0000
C:\C64\cc65-snapshot-win32\lib/c64.lib(ctype.o):
    RODATA            Offs=00001F  Size=00008B  Align=00001  Fill=0000
C:\C64\cc65-snapshot-win32\lib/c64.lib(ctypemask.o):
    CODE              Offs=000D8C  Size=00001E  Align=00001  Fill=0000
C:\C64\cc65-snapshot-win32\lib/c64.lib(decsp3.o):
    CODE              Offs=000DAA  Size=00000D  Align=00001  Fill=0000
C:\C64\cc65-snapshot-win32\lib/c64.lib(decsp4.o):
    CODE              Offs=000DB7  Size=00000D  Align=00001  Fill=0000
C:\C64\cc65-snapshot-win32\lib/c64.lib(decsp6.o):
    CODE              Offs=000DC4  Size=00000D  Align=00001  Fill=0000
C:\C64\cc65-snapshot-win32\lib/c64.lib(errno.o):
    BSS               Offs=00010E  Size=000002  Align=00001  Fill=0000
C:\C64\cc65-snapshot-win32\lib/c64.lib(exehdr.o):
    EXEHDR            Offs=000000  Size=00000C  Align=00001  Fill=0000
C:\C64\cc65-snapshot-win32\lib/c64.lib(incsp2.o):
    CODE              Offs=000DD1  Size=000016  Align=00001  Fill=0000
C:\C64\cc65-snapshot-win32\lib/c64.lib(incsp3.o):
    CODE              Offs=000DE7  Size=000005  Align=00001  Fill=0000
C:\C64\cc65-snapshot-win32\lib/c64.lib(incsp4.o):
    CODE              Offs=000DEC  Size=000005  Align=00001  Fill=0000
C:\C64\cc65-snapshot-win32\lib/c64.lib(incsp5.o):
    CODE              Offs=000DF1  Size=000005  Align=00001  Fill=0000
C:\C64\cc65-snapshot-win32\lib/c64.lib(incsp6.o):
    CODE              Offs=000DF6  Size=000005  Align=00001  Fill=0000
C:\C64\cc65-snapshot-win32\lib/c64.lib(kernal.o):
C:\C64\cc65-snapshot-win32\lib/c64.lib(ldaxsp.o):
    CODE              Offs=000DFB  Size=000009  Align=00001  Fill=0000
C:\C64\cc65-snapshot-win32\lib/c64.lib(lneg.o):
    CODE              Offs=000E04  Size=00001E  Align=00001  Fill=0000
C:\C64\cc65-snapshot-win32\lib/c64.lib(loadaddr.o):
    LOADADDR          Offs=000000  Size=000002  Align=00001  Fill=0000
C:\C64\cc65-snapshot-win32\lib/c64.lib(lpush.o):
    CODE              Offs=000E22  Size=000021  Align=00001  Fill=0000
C:\C64\cc65-snapshot-win32\lib/c64.lib(ltoa.o):
    CODE              Offs=000E43  Size=000095  Align=00001  Fill=0000
C:\C64\cc65-snapshot-win32\lib/c64.lib(makebool.o):
    CODE              Offs=000ED8  Size=00002C  Align=00001  Fill=0000
C:\C64\cc65-snapshot-win32\lib/c64.lib(memcpy.o):
    CODE              Offs=000F04  Size=00003C  Align=00001  Fill=0000
C:\C64\cc65-snapshot-win32\lib/c64.lib(popptr1.o):
    CODE              Offs=000F40  Size=00000E  Align=00001  Fill=0000
C:\C64\cc65-snapshot-win32\lib/c64.lib(push1.o):
    CODE              Offs=000F4E  Size=000005  Align=00001  Fill=0000
C:\C64\cc65-snapshot-win32\lib/c64.lib(pusha.o):
    CODE              Offs=000F53  Size=000016  Align=00001  Fill=0000
C:\C64\cc65-snapshot-win32\lib/c64.lib(pushax.o):
    CODE              Offs=000F69  Size=00001A  Align=00001  Fill=0000
C:\C64\cc65-snapshot-win32\lib/c64.lib(pushwsp.o):
    CODE              Offs=000F83  Size=00001C  Align=00001  Fill=0000
C:\C64\cc65-snapshot-win32\lib/c64.lib(sprintf.o):
    CODE              Offs=000F9F  Size=00002B  Align=00001  Fill=0000
    BSS               Offs=000110  Size=000001  Align=00001  Fill=0000
C:\C64\cc65-snapshot-win32\lib/c64.lib(status.o):
C:\C64\cc65-snapshot-win32\lib/c64.lib(staxsp.o):
    CODE              Offs=000FCA  Size=00000B  Align=00001  Fill=0000
C:\C64\cc65-snapshot-win32\lib/c64.lib(strlen.o):
    CODE              Offs=000FD5  Size=000016  Align=00001  Fill=0000
C:\C64\cc65-snapshot-win32\lib/c64.lib(strlower.o):
    CODE              Offs=000FEB  Size=000027  Align=00001  Fill=0000
C:\C64\cc65-snapshot-win32\lib/c64.lib(vsnprintf.o):
    CODE              Offs=001012  Size=0000DA  Align=00001  Fill=0000
    DATA              Offs=00029D  Size=000008  Align=00001  Fill=0000
C:\C64\cc65-snapshot-win32\lib/c64.lib(vsprintf.o):
    CODE              Offs=0010EC  Size=000012  Align=00001  Fill=0000
C:\C64\cc65-snapshot-win32\lib/c64.lib(zerobss.o):
    CODE              Offs=0010FE  Size=000023  Align=00001  Fill=0000
C:\C64\cc65-snapshot-win32\lib/c64.lib(zeropage.o):
    ZEROPAGE          Offs=000000  Size=00001A  Align=00001  Fill=0000


Segment list:
-------------
Name                   Start     End    Size  Align
----------------------------------------------------
ZEROPAGE              000002  00001B  00001A  00001
LOADADDR              0007FF  000800  000002  00001
EXEHDR                000801  00080C  00000C  00001
STARTUP               00080D  00083F  000033  00001
CODE                  000840  001960  001121  00001
RODATA                001961  001A0A  0000AA  00001
DATA                  001A0B  001CAF  0002A5  00001
INIT                  001CB0  001CCB  00001C  00001
BSS                   001CCC  001DDC  000111  00001
ONCE                  001CCC  001CF1  000026  00001


Exports list by name:
---------------------
BSOUT                     00FFD2 RLA    ST                        000090 RLZ    
__BSS_RUN__               001CCC RLA    __BSS_SIZE__              000111 REA    
__CONSTRUCTOR_COUNT__     000000 REA    __CONSTRUCTOR_TABLE__     001CF2 RLA    
__DESTRUCTOR_COUNT__      000000 REA    __DESTRUCTOR_TABLE__      001A0B RLA    
__EXEHDR__                000001 REA    __HEADER_LAST__           00080D RLA    
__HIMEM__                 00D000 REA    __LOADADDR__              000001 REA    
__MAIN_SIZE__             00C7F3 REA    __MAIN_START__            00080D RLA    
__ONCE_RUN__              001CCC RLA    __STACKSIZE__             000800 REA    
__STARTUP__               000001 REA    __ctype                   001980 RLA    
__ctypeidx                00198B RLA    __directerrno             0011C6 RLA    
__errno                   001DDA RLA    __hextab                  001964 RLA    
__longminstr              001974 RLA    __oserror                 001DAE RLA    
__printf                  0012C3 RLA    __seterrno                001575 RLA    
_frameflag                00112C RLA    _initraster               000EC5 RLA    
_initsprites              000EE9 RLA    _ltoa                     00169B RLA    
_main                     0008DB RLA    _memcpy                   001744 RLA    
_numsprites               000002 REZ    _sprc                     00106B RLA    
_sprf                     00108B RLA    _sprintf                  0017DF RLA    
_spriteData               001A11 RLA    _sprupdateflag            000003 REZ    
_sprx                     00102B RLA    _spry                     00104B RLA    
_strlen                   001815 RLA    _strlower                 00182B RLA    
_tileData                 001A0D RLA    _ultoa                    0016DC RLA    
_vsprintf                 00192C RLA    addysp                    00157F RLA    
addysp1                   00157E RLA    axlong                    00159C RLA    
axulong                   0015A2 RLA    boolult                   001737 RLA    
callmain                  0015A9 RLA    ctypemaskdirect           0015D0 RLA    
decsp3                    0015EA RLA    decsp4                    0015F7 RLA    
decsp6                    001604 RLA    donelib                   0015C0 RLA    
incsp2                    001619 RLA    incsp3                    001627 RLA    
incsp4                    00162C RLA    incsp5                    001631 RLA    
incsp6                    001636 RLA    initlib                   001CCC RLA    
ldaxysp                   00163D RLA    negeax                    001644 RLA    
popax                     001611 RLA    popptr1                   001780 RLA    
ptr1                      00000A RLZ    ptr2                      00000C RLZ    
ptr3                      00000E RLZ    push1                     00178E RLA    
pusha                     001797 RLA    pusha0                    0017AB RLA    
pushax                    0017AD RLA    pusheax                   00166B RLA    
pushw0sp                  0017C3 RLA    regbank                   000016 RLZ    
sp                        000002 RLZ    sreg                      000004 RLZ    
staxysp                   00180C RLA    tmp1                      000012 RLZ    
tosanda0                  00158C RLA    vsnprintf                 001855 RLA    
zerobss                   00193E RLA    


Exports list by value:
----------------------
__DESTRUCTOR_COUNT__      000000 REA    __CONSTRUCTOR_COUNT__     000000 REA    
__EXEHDR__                000001 REA    __STARTUP__               000001 REA    
__LOADADDR__              000001 REA    _numsprites               000002 REZ    
sp                        000002 RLZ    _sprupdateflag            000003 REZ    
sreg                      000004 RLZ    ptr1                      00000A RLZ    
ptr2                      00000C RLZ    ptr3                      00000E RLZ    
tmp1                      000012 RLZ    regbank                   000016 RLZ    
ST                        000090 RLZ    __BSS_SIZE__              000111 REA    
__STACKSIZE__             000800 REA    __HEADER_LAST__           00080D RLA    
__MAIN_START__            00080D RLA    _main                     0008DB RLA    
_initraster               000EC5 RLA    _initsprites              000EE9 RLA    
_sprx                     00102B RLA    _spry                     00104B RLA    
_sprc                     00106B RLA    _sprf                     00108B RLA    
_frameflag                00112C RLA    __directerrno             0011C6 RLA    
__printf                  0012C3 RLA    __seterrno                001575 RLA    
addysp1                   00157E RLA    addysp                    00157F RLA    
tosanda0                  00158C RLA    axlong                    00159C RLA    
axulong                   0015A2 RLA    callmain                  0015A9 RLA    
donelib                   0015C0 RLA    ctypemaskdirect           0015D0 RLA    
decsp3                    0015EA RLA    decsp4                    0015F7 RLA    
decsp6                    001604 RLA    popax                     001611 RLA    
incsp2                    001619 RLA    incsp3                    001627 RLA    
incsp4                    00162C RLA    incsp5                    001631 RLA    
incsp6                    001636 RLA    ldaxysp                   00163D RLA    
negeax                    001644 RLA    pusheax                   00166B RLA    
_ltoa                     00169B RLA    _ultoa                    0016DC RLA    
boolult                   001737 RLA    _memcpy                   001744 RLA    
popptr1                   001780 RLA    push1                     00178E RLA    
pusha                     001797 RLA    pusha0                    0017AB RLA    
pushax                    0017AD RLA    pushw0sp                  0017C3 RLA    
_sprintf                  0017DF RLA    staxysp                   00180C RLA    
_strlen                   001815 RLA    _strlower                 00182B RLA    
vsnprintf                 001855 RLA    _vsprintf                 00192C RLA    
zerobss                   00193E RLA    __hextab                  001964 RLA    
__longminstr              001974 RLA    __ctype                   001980 RLA    
__ctypeidx                00198B RLA    __DESTRUCTOR_TABLE__      001A0B RLA    
_tileData                 001A0D RLA    _spriteData               001A11 RLA    
initlib                   001CCC RLA    __BSS_RUN__               001CCC RLA    
__ONCE_RUN__              001CCC RLA    __CONSTRUCTOR_TABLE__     001CF2 RLA    
__oserror                 001DAE RLA    __errno                   001DDA RLA    
__MAIN_SIZE__             00C7F3 REA    __HIMEM__                 00D000 REA    
BSOUT                     00FFD2 RLA    


Imports list:
-------------
BSOUT (kernal.o):
    crt0.o                    c64/crt0.s(10)
ST (status.o):
    crt0.o                    c64/crt0.s(13)
__BSS_RUN__ ([linker generated]):
    zerobss.o                 common/zerobss.s(8)
__BSS_SIZE__ ([linker generated]):
    zerobss.o                 common/zerobss.s(8)
__CONSTRUCTOR_COUNT__ ([linker generated]):
    condes.o                  runtime/condes.s(18)
__CONSTRUCTOR_TABLE__ ([linker generated]):
    condes.o                  runtime/condes.s(18)
__DESTRUCTOR_COUNT__ ([linker generated]):
    condes.o                  runtime/condes.s(19)
__DESTRUCTOR_TABLE__ ([linker generated]):
    condes.o                  runtime/condes.s(19)
__EXEHDR__ (exehdr.o):
    [linker generated]        C:\C64\cc65-snapshot-win32\cfg/c64.cfg(6)
__HEADER_LAST__ ([linker generated]):
    [linker generated]        C:\C64\cc65-snapshot-win32\cfg/c64.cfg(14)
    [linker generated]        C:\C64\cc65-snapshot-win32\cfg/c64.cfg(14)
__HIMEM__ ([linker generated]):
    [linker generated]        C:\C64\cc65-snapshot-win32\cfg/c64.cfg(15)
    [linker generated]        C:\C64\cc65-snapshot-win32\cfg/c64.cfg(14)
__LOADADDR__ (loadaddr.o):
    [linker generated]        C:\C64\cc65-snapshot-win32\cfg/c64.cfg(5)
__MAIN_SIZE__ ([linker generated]):
    crt0.o                    c64/crt0.s(11)
__MAIN_START__ ([linker generated]):
    crt0.o                    c64/crt0.s(11)
__ONCE_RUN__ ([linker generated]):
    [linker generated]        C:\C64\cc65-snapshot-win32\cfg/c64.cfg(15)
    [linker generated]        C:\C64\cc65-snapshot-win32\cfg/c64.cfg(15)
__STACKSIZE__ ([linker generated]):
    [linker generated]        C:\C64\cc65-snapshot-win32\cfg/c64.cfg(15)
__STARTUP__ (crt0.o):
    asteroids.o               src/asteroids.s(32)
__ctype (ctype.o):
    ctypemask.o               common/ctypemask.s(23)
__ctypeidx (ctype.o):
    ctypemask.o               common/ctypemask.s(24)
__directerrno (_directerrno.o):
    vsnprintf.o               /home/travis/build/cc65/cc65/asminc/errno.inc(10)
__errno (errno.o):
    _seterrno.o               /home/travis/build/cc65/cc65/asminc/errno.inc(7)
__hextab (_hextab.o):
    ltoa.o                    common/ltoa.s(10)
__longminstr (_longminstr.o):
    ltoa.o                    common/ltoa.s(10)
__oserror (_oserror.o):
    _directerrno.o            /home/travis/build/cc65/cc65/asminc/errno.inc(7)
__printf (_printf.o):
    vsnprintf.o               common/vsnprintf.s(10)
__seterrno (_seterrno.o):
    _directerrno.o            /home/travis/build/cc65/cc65/asminc/errno.inc(9)
_frameflag (multi.o):
    asteroids.o               src/asteroids.s(52)
_initraster (multi.o):
    asteroids.o               src/asteroids.s(53)
_initsprites (multi.o):
    asteroids.o               src/asteroids.s(54)
_ltoa (ltoa.o):
    _printf.o                 common/_printf.s(12)
_main (asteroids.o):
    callmain.o                runtime/callmain.s(11)
_memcpy (memcpy.o):
    vsnprintf.o               common/vsnprintf.s(10)
_numsprites (multi.o):
    asteroids.o               src/asteroids.s(46)
_sprc (multi.o):
    asteroids.o               src/asteroids.s(50)
_sprf (multi.o):
    asteroids.o               src/asteroids.s(51)
_sprintf (sprintf.o):
    graphlib.o                src/graphlib.s(26)
_spriteData (graphlib.o):
    asteroids.o               src/asteroids.s(45)
_sprupdateflag (multi.o):
    asteroids.o               src/asteroids.s(47)
_sprx (multi.o):
    asteroids.o               src/asteroids.s(48)
_spry (multi.o):
    asteroids.o               src/asteroids.s(49)
_strlen (strlen.o):
    _printf.o                 common/_printf.s(13)
_strlower (strlower.o):
    _printf.o                 common/_printf.s(13)
_tileData (graphlib.o):
    asteroids.o               src/asteroids.s(44)
_ultoa (ltoa.o):
    _printf.o                 common/_printf.s(12)
_vsprintf (vsprintf.o):
    sprintf.o                 common/sprintf.s(8)
addysp (addysp.o):
    sprintf.o                 common/sprintf.s(8)
    incsp6.o                  runtime/incsp6.s(8)
    incsp5.o                  runtime/incsp5.s(8)
    incsp4.o                  runtime/incsp4.s(8)
    incsp3.o                  runtime/incsp3.s(8)
addysp1 (addysp.o):
    and.o                     runtime/and.s(8)
axlong (axlong.o):
    _printf.o                 common/_printf.s(11)
axulong (axlong.o):
    _printf.o                 common/_printf.s(11)
boolult (makebool.o):
    graphlib.o                src/graphlib.s(1389)
callmain (callmain.o):
    crt0.o                    c64/crt0.s(9)
ctypemaskdirect (ctypemask.o):
    strlower.o                common/strlower.s(14)
decsp3 (decsp3.o):
    graphlib.o                src/graphlib.s(1389)
decsp4 (decsp4.o):
    lpush.o                   runtime/lpush.s(12)
    sprintf.o                 common/sprintf.s(8)
    graphlib.o                src/graphlib.s(1389)
decsp6 (decsp6.o):
    _printf.o                 common/_printf.s(11)
donelib (condes.o):
    crt0.o                    c64/crt0.s(8)
incsp2 (incsp2.o):
    popptr1.o                 runtime/popptr1.s(8)
    vsnprintf.o               common/vsnprintf.s(9)
incsp3 (incsp3.o):
    graphlib.o                src/graphlib.s(1389)
incsp4 (incsp4.o):
    graphlib.o                src/graphlib.s(1389)
    graphlib.o                src/graphlib.s(1389)
incsp5 (incsp5.o):
    graphlib.o                src/graphlib.s(1389)
incsp6 (incsp6.o):
    vsnprintf.o               common/vsnprintf.s(9)
    graphlib.o                src/graphlib.s(1389)
initlib (condes.o):
    crt0.o                    c64/crt0.s(8)
ldaxysp (ldaxsp.o):
    vsnprintf.o               common/vsnprintf.s(9)
negeax (lneg.o):
    ltoa.o                    common/ltoa.s(9)
popax (incsp2.o):
    memcpy.o                  common/memcpy.s(14)
    ltoa.o                    common/ltoa.s(9)
    _printf.o                 common/_printf.s(11)
    vsnprintf.o               common/vsnprintf.s(9)
popptr1 (popptr1.o):
    memcpy.o                  common/memcpy.s(14)
    ltoa.o                    common/ltoa.s(9)
ptr1 (zeropage.o):
    strlower.o                common/strlower.s(13)
    popptr1.o                 runtime/popptr1.s(9)
    memcpy.o                  common/memcpy.s(15)
    ltoa.o                    common/ltoa.s(11)
    _printf.o                 /home/travis/build/cc65/cc65/asminc/zeropage.inc(12)
    vsnprintf.o               common/vsnprintf.s(11)
    zerobss.o                 common/zerobss.s(9)
    sprintf.o                 common/sprintf.s(9)
    graphlib.o                src/graphlib.s(11)
    asteroids.o               src/asteroids.s(11)
ptr2 (zeropage.o):
    strlower.o                common/strlower.s(13)
    strlen.o                  common/strlen.s(12)
    memcpy.o                  common/memcpy.s(15)
    ltoa.o                    common/ltoa.s(11)
    _printf.o                 /home/travis/build/cc65/cc65/asminc/zeropage.inc(12)
ptr3 (zeropage.o):
    memcpy.o                  common/memcpy.s(15)
    ltoa.o                    common/ltoa.s(11)
push1 (push1.o):
    _printf.o                 common/_printf.s(11)
pusha (pusha.o):
    graphlib.o                src/graphlib.s(1389)
pusha0 (pushax.o):
    push1.o                   runtime/push1.s(8)
    graphlib.o                src/graphlib.s(1389)
    graphlib.o                src/graphlib.s(1389)
pushax (pushax.o):
    _printf.o                 common/_printf.s(11)
    callmain.o                runtime/callmain.s(11)
    graphlib.o                src/graphlib.s(1389)
    graphlib.o                src/graphlib.s(1389)
    graphlib.o                src/graphlib.s(1389)
    graphlib.o                src/graphlib.s(1389)
pusheax (lpush.o):
    _printf.o                 common/_printf.s(11)
pushw0sp (pushwsp.o):
    vsprintf.o                common/vsprintf.s(8)
regbank (zeropage.o):
    _printf.o                 /home/travis/build/cc65/cc65/asminc/zeropage.inc(14)
sp (zeropage.o):
    popptr1.o                 runtime/popptr1.s(9)
    memcpy.o                  common/memcpy.s(15)
    lpush.o                   runtime/lpush.s(13)
    ldaxsp.o                  runtime/ldaxsp.s(8)
    incsp2.o                  runtime/incsp2.s(8)
    decsp6.o                  runtime/decsp6.s(8)
    _printf.o                 /home/travis/build/cc65/cc65/asminc/zeropage.inc(11)
    vsnprintf.o               common/vsnprintf.s(11)
    staxsp.o                  runtime/staxsp.s(8)
    pushwsp.o                 runtime/pushwsp.s(8)
    addysp.o                  runtime/addysp.s(8)
    sprintf.o                 common/sprintf.s(9)
    pushax.o                  runtime/pushax.s(8)
    pusha.o                   runtime/pusha.s(8)
    decsp4.o                  runtime/decsp4.s(8)
    decsp3.o                  runtime/decsp3.s(8)
    crt0.o                    /home/travis/build/cc65/cc65/asminc/zeropage.inc(11)
    and.o                     runtime/and.s(9)
    graphlib.o                src/graphlib.s(10)
sreg (zeropage.o):
    lneg.o                    runtime/lneg.s(11)
    ltoa.o                    common/ltoa.s(11)
    lpush.o                   runtime/lpush.s(13)
    axlong.o                  runtime/axlong.s(9)
    _printf.o                 /home/travis/build/cc65/cc65/asminc/zeropage.inc(11)
    graphlib.o                src/graphlib.s(10)
    asteroids.o               src/asteroids.s(10)
staxysp (staxsp.o):
    vsprintf.o                common/vsprintf.s(8)
tmp1 (zeropage.o):
    ltoa.o                    common/ltoa.s(11)
    _printf.o                 /home/travis/build/cc65/cc65/asminc/zeropage.inc(13)
tosanda0 (and.o):
    graphlib.o                src/graphlib.s(1389)
vsnprintf (vsnprintf.o):
    vsprintf.o                common/vsprintf.s(9)
zerobss (zerobss.o):
    crt0.o                    c64/crt0.s(9)

